get-header-key-duplicate: creq=true sts=true authz=true
  AWS4-HMAC-SHA256 Credential=AKIDEXAMPLE/20150830/us-east-1/service/aws4_request, SignedHeaders=host;my-header1;x-amz-date, Signature=c9d5ea9f3f72853aea855b47ea873832890dbdd183b4468f858259531a5138ea
get-header-value-multiline: creq=true sts=true authz=true
  AWS4-HMAC-SHA256 Credential=AKIDEXAMPLE/20150830/us-east-1/service/aws4_request, SignedHeaders=host;my-header1;x-amz-date, Signature=cfd34249e4b1c8d6b91ef74165d41a32e5fab3306300901bb65a51a73575eefd
get-header-value-order: creq=true sts=true authz=true
  AWS4-HMAC-SHA256 Credential=AKIDEXAMPLE/20150830/us-east-1/service/aws4_request, SignedHeaders=host;my-header1;x-amz-date, Signature=08c7e5a9acfcfeb3ab6b2185e75ce8b1deb5e634ec47601a50643f830c755c01
get-header-value-trim: creq=true sts=true authz=true
  AWS4-HMAC-SHA256 Credential=AKIDEXAMPLE/20150830/us-east-1/service/aws4_request, SignedHeaders=host;my-header1;my-header2;x-amz-date, Signature=acc3ed3afb60bb290fc8d2dd0098b9911fcaa05412b367055dee359757a9c736
get-unreserved: creq=true sts=true authz=true
  AWS4-HMAC-SHA256 Credential=AKIDEXAMPLE/20150830/us-east-1/service/aws4_request, SignedHeaders=host;x-amz-date, Signature=07ef7494c76fa4850883e2b006601f940f8a34d404d0cfa977f52a65bbf5f24f
get-utf8: creq=true sts=true authz=true
  AWS4-HMAC-SHA256 Credential=AKIDEXAMPLE/20150830/us-east-1/service/aws4_request, SignedHeaders=host;x-amz-date, Signature=8318018e0b0f223aa2bbf98705b62bb787dc9c0e678f255a891fd03141be5d85
get-vanilla-empty-query-key: creq=true sts=true authz=true
  AWS4-HMAC-SHA256 Credential=AKIDEXAMPLE/20150830/us-east-1/service/aws4_request, SignedHeaders=host;x-amz-date, Signature=a67d582fa61cc504c4bae71f336f98b97f1ea3c7a6bfe1b6e45aec72011b9aeb
get-vanilla-query-order-key-case: creq=true sts=true authz=true
  AWS4-HMAC-SHA256 Credential=AKIDEXAMPLE/20150830/us-east-1/service/aws4_request, SignedHeaders=host;x-amz-date, Signature=b97d918cfa904a5beff61c982a1b6f458b799221646efd99d3219ec94cdf2500
get-vanilla-query-unreserved: creq=true sts=true authz=true
  AWS4-HMAC-SHA256 Credential=AKIDEXAMPLE/20150830/us-east-1/service/aws4_request, SignedHeaders=host;x-amz-date, Signature=9c3e54bfcdf0b19771a7f523ee5669cdf59bc7cc0884027167c21bb143a40197
get-vanilla-query: creq=true sts=true authz=true
  AWS4-HMAC-SHA256 Credential=AKIDEXAMPLE/20150830/us-east-1/service/aws4_request, SignedHeaders=host;x-amz-date, Signature=5fa00fa31553b73ebf1942676e86291e8372ff2a2260956d9b8aae1d763fbf31
get-vanilla-utf8-query: creq=true sts=true authz=true
  AWS4-HMAC-SHA256 Credential=AKIDEXAMPLE/20150830/us-east-1/service/aws4_request, SignedHeaders=host;x-amz-date, Signature=2cdec8eed098649ff3a119c94853b13c643bcf08f8b0a1d91e12c9027818dd04
get-vanilla: creq=true sts=true authz=true
  AWS4-HMAC-SHA256 Credential=AKIDEXAMPLE/20150830/us-east-1/service/aws4_request, SignedHeaders=host;x-amz-date, Signature=5fa00fa31553b73ebf1942676e86291e8372ff2a2260956d9b8aae1d763fbf31
post-header-key-case: creq=true sts=true authz=true
  AWS4-HMAC-SHA256 Credential=AKIDEXAMPLE/20150830/us-east-1/service/aws4_request, SignedHeaders=host;x-amz-date, Signature=5da7c1a2acd57cee7505fc6676e4e544621c30862966e37dddb68e92efbe5d6b
post-header-key-sort: creq=true sts=true authz=true
  AWS4-HMAC-SHA256 Credential=AKIDEXAMPLE/20150830/us-east-1/service/aws4_request, SignedHeaders=host;my-header1;x-amz-date, Signature=c5410059b04c1ee005303aed430f6e6645f61f4dc9e1461ec8f8916fdf18852c
post-header-value-case: creq=true sts=true authz=true
  AWS4-HMAC-SHA256 Credential=AKIDEXAMPLE/20150830/us-east-1/service/aws4_request, SignedHeaders=host;my-header1;x-amz-date, Signature=cdbc9802e29d2942e5e10b5bccfdd67c5f22c7c4e8ae67b53629efa58b974b7d
post-vanilla-empty-query-value: creq=true sts=true authz=true
  AWS4-HMAC-SHA256 Credential=AKIDEXAMPLE/20150830/us-east-1/service/aws4_request, SignedHeaders=host;x-amz-date, Signature=28038455d6de14eafc1f9222cf5aa6f1a96197d7deb8263271d420d138af7f11
post-vanilla-query-nonunreserved: creq=true sts=true authz=true
  AWS4-HMAC-SHA256 Credential=AKIDEXAMPLE/20150830/us-east-1/service/aws4_request, SignedHeaders=host;x-amz-date, Signature=66c82657c86e26fb25238d0e69f011edc4c6df5ae71119d7cb98ed9b87393c1e
post-vanilla-query-space: creq=true sts=true authz=true
  AWS4-HMAC-SHA256 Credential=AKIDEXAMPLE/20150830/us-east-1/service/aws4_request, SignedHeaders=host;x-amz-date, Signature=62a5b45663941584c2f6f9457b48db6101bf226ab2426938d04e326dedce128d
post-vanilla-query: creq=true sts=true authz=true
  AWS4-HMAC-SHA256 Credential=AKIDEXAMPLE/20150830/us-east-1/service/aws4_request, SignedHeaders=host;x-amz-date, Signature=28038455d6de14eafc1f9222cf5aa6f1a96197d7deb8263271d420d138af7f11
post-vanilla: creq=true sts=true authz=true
  AWS4-HMAC-SHA256 Credential=AKIDEXAMPLE/20150830/us-east-1/service/aws4_request, SignedHeaders=host;x-amz-date, Signature=5da7c1a2acd57cee7505fc6676e4e544621c30862966e37dddb68e92efbe5d6b
post-x-www-form-urlencoded-parameters: creq=true sts=true authz=true
  AWS4-HMAC-SHA256 Credential=AKIDEXAMPLE/20150830/us-east-1/service/aws4_request, SignedHeaders=content-type;host;x-amz-date, Signature=1a72ec8f64bd914b0e42e42607c7fbce7fb2c7465f63e3092b3b0d39fa77a6fe
post-x-www-form-urlencoded: creq=true sts=true authz=true
  AWS4-HMAC-SHA256 Credential=AKIDEXAMPLE/20150830/us-east-1/service/aws4_request, SignedHeaders=content-type;host;x-amz-date, Signature=ff11897932ad3f4e8b18135d722051e5ac45fc38421b1da7b9d196a0fe09473a
